[2026-06-16 19:44:45] =======================================================
[2026-06-16 19:44:45] ITVedas Brain Agent v2 — starting
[2026-06-16 19:44:45] =======================================================
[2026-06-16 19:44:45] Calendar pick [Month 1]: what is DNS and how does it work step by step
[2026-06-16 19:44:45] Writing: what is DNS and how does it work step by step
[2026-06-16 19:45:09] Self-reviewing...
[2026-06-16 19:45:12] Title: What is DNS and How Does It Work? A Beginner's Step-by-Step Guide
[2026-06-16 19:45:12] Published: articles/2026-06-16-networking.html
[2026-06-16 19:45:12] Homepage updated
[2026-06-16 19:45:12] Sitemap: 2 URLs
[2026-06-16 19:45:12] Email not configured — skipping notification
[2026-06-16 19:45:12] =======================================================
[2026-06-16 19:45:12] DONE. Article #1: What is DNS and How Does It Work? A Beginner's Step-by-Step Guide
[2026-06-16 19:45:12] Score: 80/100 | Topic: Networking | File: 2026-06-16-networking.html
[2026-06-16 19:45:12] =======================================================
[2026-06-16 19:57:37] =======================================================
[2026-06-16 19:57:37] ITVedas Brain Agent v2 — starting
[2026-06-16 19:57:37] =======================================================
[2026-06-16 19:57:37] Calendar pick [Month 1]: how does a VPN work explained simply for beginners
[2026-06-16 19:57:37] Writing: how does a VPN work explained simply for beginners
[2026-06-16 19:58:01] Self-reviewing...
[2026-06-16 19:58:04] Score: 78/100 — PUBLISH
[2026-06-16 19:58:04] Title: How Does a VPN Work? Explained Simply for Beginners
[2026-06-16 19:58:04] Published: articles/2026-06-16-networking-1.html
[2026-06-16 19:58:04] Homepage updated
[2026-06-16 19:58:04] Sitemap: 3 URLs
[2026-06-16 19:58:04] Email not configured — skipping notification
[2026-06-16 19:58:04] =======================================================
[2026-06-16 19:58:04] DONE. Article #2: How Does a VPN Work? Explained Simply for Beginners
[2026-06-16 19:58:04] Score: 78/100 | Topic: Networking | File: 2026-06-16-networking-1.html
[2026-06-16 19:58:04] =======================================================
