[2026-06-16 19:44:45] =======================================================
[2026-06-16 19:44:45] ITVedas Brain Agent v2 — starting
[2026-06-16 19:44:45] =======================================================
[2026-06-16 19:44:45] Calendar pick [Month 1]: what is DNS and how does it work step by step
[2026-06-16 19:44:45] Writing: what is DNS and how does it work step by step
[2026-06-16 19:45:09] Self-reviewing...
[2026-06-16 19:45:12] Title: What is DNS and How Does It Work? A Beginner's Step-by-Step Guide
[2026-06-16 19:45:12] Published: articles/2026-06-16-networking.html
[2026-06-16 19:45:12] Homepage updated
[2026-06-16 19:45:12] Sitemap: 2 URLs
[2026-06-16 19:45:12] Email not configured — skipping notification
[2026-06-16 19:45:12] =======================================================
[2026-06-16 19:45:12] DONE. Article #1: What is DNS and How Does It Work? A Beginner's Step-by-Step Guide
[2026-06-16 19:45:12] Score: 80/100 | Topic: Networking | File: 2026-06-16-networking.html
[2026-06-16 19:45:12] =======================================================
[2026-06-16 19:57:37] =======================================================
[2026-06-16 19:57:37] ITVedas Brain Agent v2 — starting
[2026-06-16 19:57:37] =======================================================
[2026-06-16 19:57:37] Calendar pick [Month 1]: how does a VPN work explained simply for beginners
[2026-06-16 19:57:37] Writing: how does a VPN work explained simply for beginners
[2026-06-16 19:58:01] Self-reviewing...
[2026-06-16 19:58:04] Score: 78/100 — PUBLISH
[2026-06-16 19:58:04] Title: How Does a VPN Work? Explained Simply for Beginners
[2026-06-16 19:58:04] Published: articles/2026-06-16-networking-1.html
[2026-06-16 19:58:04] Homepage updated
[2026-06-16 19:58:04] Sitemap: 3 URLs
[2026-06-16 19:58:04] Email not configured — skipping notification
[2026-06-16 19:58:04] =======================================================
[2026-06-16 19:58:04] DONE. Article #2: How Does a VPN Work? Explained Simply for Beginners
[2026-06-16 19:58:04] Score: 78/100 | Topic: Networking | File: 2026-06-16-networking-1.html
[2026-06-16 19:58:04] =======================================================
[2026-06-16 20:41:55] =======================================================
[2026-06-16 20:41:55] ITVedas Brain — run start
[2026-06-16 20:41:55] Keyword: what is cloud computing explained simply 2026  [Cloud]
[2026-06-16 20:42:27] Self-review: 82/100 — PUBLISH
[2026-06-16 20:42:27] Title: What is Cloud Computing Explained Simply 2026: Your Complete Beginner's Guide
[2026-06-16 20:42:27] Published: articles/2026-06-16-cloud.html
[2026-06-16 20:42:27] Homepage Latest Articles updated
[2026-06-16 20:42:27] Chapter pages rebuilt (8)
[2026-06-16 20:42:27] Sitemap rebuilt (13 URLs)
[2026-06-16 20:42:27] Email not configured — skipping
[2026-06-16 20:42:27] DONE. Article #3: What is Cloud Computing Explained Simply 2026: Your Complete Beginner's Guide (82/100)
[2026-06-16 20:42:27] =======================================================
[2026-06-17 06:08:48] =======================================================
[2026-06-17 06:08:48] ITVedas Brain — run start
[2026-06-17 06:08:48] Keyword: how to protect your website from hackers beginner guide  [Security]
[2026-06-17 06:09:23] Self-review: 82/100 — PUBLISH
[2026-06-17 06:09:23] Title: How to Protect Your Website from Hackers: A Beginner's Guide
[2026-06-17 06:09:23] Published: articles/2026-06-17-security.html
[2026-06-17 06:09:23] Homepage Latest Articles updated
[2026-06-17 06:09:23] Chapter pages rebuilt (8)
[2026-06-17 06:09:23] Sitemap rebuilt (14 URLs)
[2026-06-17 06:09:23] Email not configured — skipping
[2026-06-17 06:09:23] DONE. Article #4: How to Protect Your Website from Hackers: A Beginner's Guide (82/100)
[2026-06-17 06:09:23] =======================================================
[2026-06-17 14:40:26] =======================================================
[2026-06-17 14:40:26] ITVedas Brain — run start
[2026-06-17 14:40:26] Keyword: what is Docker and why every developer needs it  [DevOps]
[2026-06-17 14:40:49] Self-review: 82/100 — PUBLISH
[2026-06-17 14:40:49] Title: What is Docker and Why Every Developer Needs It: A Beginner's Guide
[2026-06-17 14:40:49] Published: articles/2026-06-17-devops.html
[2026-06-17 14:40:49] Homepage Latest Articles updated
[2026-06-17 14:40:49] Chapter pages rebuilt (8)
[2026-06-17 14:40:49] Sitemap rebuilt (16 URLs)
[2026-06-17 14:40:49] Email not configured — skipping
[2026-06-17 14:40:49] DONE. Article #5: What is Docker and Why Every Developer Needs It: A Beginner's Guide (82/100)
[2026-06-17 14:40:49] =======================================================
<<<<<<< Updated upstream
[2026-06-19 02:56:01] =======================================================
[2026-06-19 02:56:01] ITVedas Brain — run start
[2026-06-19 02:56:01] Keyword: SQL vs NoSQL which database should you choose 2026  [Databases]
[2026-06-19 02:56:25] Self-review: 78/100 — PUBLISH
[2026-06-19 02:56:25] Title: SQL vs NoSQL: Which Database Should You Choose in 2026?
[2026-06-19 02:56:25] Published: articles/2026-06-19-databases.html
[2026-06-19 02:56:25] Homepage Latest Articles updated
[2026-06-19 02:56:25] Chapter pages rebuilt (8)
[2026-06-19 02:56:25] Sitemap rebuilt (17 URLs)
[2026-06-19 02:56:25] Email not configured — skipping
[2026-06-19 02:56:25] DONE. Article #6: SQL vs NoSQL: Which Database Should You Choose in 2026? (78/100)
[2026-06-19 02:56:25] =======================================================
=======
[2026-06-19 02:57:15] =======================================================
[2026-06-19 02:57:15] ITVedas Brain — run start
[2026-06-19 02:57:15] Keyword: SQL vs NoSQL which database should you choose 2026  [Databases]
[2026-06-19 02:57:49] Self-review: 78/100 — PUBLISH
[2026-06-19 02:57:49] Title: SQL vs NoSQL: Which Database Should You Choose in 2026?
[2026-06-19 02:57:49] Published: articles/2026-06-19-databases.html
[2026-06-19 02:57:49] Homepage Latest Articles updated
[2026-06-19 02:57:49] Chapter pages rebuilt (8)
[2026-06-19 02:57:49] Sitemap rebuilt (17 URLs)
[2026-06-19 02:57:49] Email not configured — skipping
[2026-06-19 02:57:49] DONE. Article #6: SQL vs NoSQL: Which Database Should You Choose in 2026? (78/100)
[2026-06-19 02:57:49] =======================================================
>>>>>>> Stashed changes
